// Jest Snapshot v1, https://goo.gl/fbAQLP

exports[`TodoScreen Should match snapshot 1`] = `
<View
  style={
    {
      "flex": 1,
      "marginHorizontal": 16,
    }
  }
>
  <RCTScrollView
    ListHeaderComponent={
      <Memo
        addTodoItem={[Function]}
        onChange={[Function]}
        value=""
      />
    }
    data={[]}
    getItem={[Function]}
    getItemCount={[Function]}
    keyExtractor={[Function]}
    onContentSizeChange={[Function]}
    onLayout={[Function]}
    onMomentumScrollBegin={[Function]}
    onMomentumScrollEnd={[Function]}
    onScroll={[Function]}
    onScrollBeginDrag={[Function]}
    onScrollEndDrag={[Function]}
    removeClippedSubviews={false}
    renderItem={[Function]}
    scrollEventThrottle={50}
    stickyHeaderIndices={[]}
    viewabilityConfigCallbackPairs={[]}
  >
    <View>
      <View
        collapsable={false}
        onLayout={[Function]}
      >
        <View
          style={
            {
              "flexDirection": "row",
            }
          }
        >
          <View
            style={
              [
                {
                  "flex": 1,
                  "marginVertical": 5,
                },
                undefined,
              ]
            }
          >
            <View
              style={
                {
                  "backgroundColor": "#fff",
                  "borderColor": "#2860b4",
                  "borderRadius": 8,
                  "borderWidth": 1.5,
                }
              }
            >
              <TextInput
                keyboardType="default"
                onChangeText={[Function]}
                style={
                  [
                    {
                      "color": "#333",
                      "fontSize": 14,
                      "padding": 12,
                    },
                    undefined,
                  ]
                }
                value=""
              />
            </View>
          </View>
          <View
            accessibilityState={
              {
                "busy": undefined,
                "checked": undefined,
                "disabled": true,
                "expanded": undefined,
                "selected": undefined,
              }
            }
            accessibilityValue={
              {
                "max": undefined,
                "min": undefined,
                "now": undefined,
                "text": undefined,
              }
            }
            accessible={true}
            collapsable={false}
            focusable={true}
            onClick={[Function]}
            onResponderGrant={[Function]}
            onResponderMove={[Function]}
            onResponderRelease={[Function]}
            onResponderTerminate={[Function]}
            onResponderTerminationRequest={[Function]}
            onStartShouldSetResponder={[Function]}
            style={
              {
                "alignItems": "center",
                "backgroundColor": "#eee",
                "borderColor": "#aaa",
                "borderRadius": 30,
                "borderWidth": 1,
                "elevation": 0,
                "opacity": 1,
                "padding": 12,
                "shadowColor": "#000",
                "shadowOffset": {
                  "height": 2,
                  "width": 0,
                },
                "shadowOpacity": 0.25,
                "shadowRadius": 3.84,
                "width": 140,
              }
            }
          >
            <Text
              style={
                [
                  {
                    "color": "#004aad",
                    "fontSize": 16,
                    "lineHeight": 20,
                    "textAlign": "center",
                  },
                  {
                    "color": "#aaa",
                  },
                ]
              }
            >
              Add Todo
            </Text>
          </View>
        </View>
        <View>
          <Text>
            Filter:
          </Text>
        </View>
        <View>
          <View
            accessibilityState={
              {
                "busy": undefined,
                "checked": undefined,
                "disabled": undefined,
                "expanded": undefined,
                "selected": undefined,
              }
            }
            accessibilityValue={
              {
                "max": undefined,
                "min": undefined,
                "now": undefined,
                "text": undefined,
              }
            }
            accessible={true}
            collapsable={false}
            focusable={false}
            onClick={[Function]}
            onResponderGrant={[Function]}
            onResponderMove={[Function]}
            onResponderRelease={[Function]}
            onResponderTerminate={[Function]}
            onResponderTerminationRequest={[Function]}
            onStartShouldSetResponder={[Function]}
            style={
              {
                "alignItems": "center",
                "backgroundColor": "#ffffff",
                "borderColor": "#004aad",
                "borderRadius": 30,
                "borderWidth": 1,
                "elevation": 5,
                "opacity": 1,
                "padding": 12,
                "shadowColor": "#000",
                "shadowOffset": {
                  "height": 2,
                  "width": 0,
                },
                "shadowOpacity": 0.25,
                "shadowRadius": 3.84,
                "width": 140,
              }
            }
          >
            <Text
              style={
                [
                  {
                    "color": "#004aad",
                    "fontSize": 16,
                    "lineHeight": 20,
                    "textAlign": "center",
                  },
                  undefined,
                ]
              }
            >
              Undo
            </Text>
          </View>
          <View
            accessibilityState={
              {
                "busy": undefined,
                "checked": undefined,
                "disabled": undefined,
                "expanded": undefined,
                "selected": undefined,
              }
            }
            accessibilityValue={
              {
                "max": undefined,
                "min": undefined,
                "now": undefined,
                "text": undefined,
              }
            }
            accessible={true}
            collapsable={false}
            focusable={false}
            onClick={[Function]}
            onResponderGrant={[Function]}
            onResponderMove={[Function]}
            onResponderRelease={[Function]}
            onResponderTerminate={[Function]}
            onResponderTerminationRequest={[Function]}
            onStartShouldSetResponder={[Function]}
            style={
              {
                "alignItems": "center",
                "backgroundColor": "#ffffff",
                "borderColor": "#004aad",
                "borderRadius": 30,
                "borderWidth": 1,
                "elevation": 5,
                "opacity": 1,
                "padding": 12,
                "shadowColor": "#000",
                "shadowOffset": {
                  "height": 2,
                  "width": 0,
                },
                "shadowOpacity": 0.25,
                "shadowRadius": 3.84,
                "width": 140,
              }
            }
          >
            <Text
              style={
                [
                  {
                    "color": "#004aad",
                    "fontSize": 16,
                    "lineHeight": 20,
                    "textAlign": "center",
                  },
                  undefined,
                ]
              }
            >
              Redo
            </Text>
          </View>
        </View>
      </View>
    </View>
  </RCTScrollView>
</View>
`;
